// Jest Snapshot v1, https://goo.gl/fbAQLP

exports[`Name search component render the name search 1`] = `<NameSearch />`;
