// Jest Snapshot v1, https://goo.gl/fbAQLP

exports[`UserInfo component renders UserInfo 1`] = `<UserInfo />`;
