// Jest Snapshot v1, https://goo.gl/fbAQLP

exports[`UserRepos component renders UserRepos 1`] = `<UserRepos />`;
